[nurui.fueko.net/index.html]
[backblue.gif]
[fade.gif]
[index.html]
[nurui.fueko.net/assets/css/screenf48a.css]
[nurui.fueko.net/favicon.ico]
[nurui.fueko.net/content/images/2018/12/alisher-sharip-117976-unsplash.jpg]
[nurui.fueko.net/page/2/index.html]
[nurui.fueko.net/public/members.minf48a.js]
[nurui.fueko.net/content/images/2018/12/nurui.svg]
[nurui.fueko.net/rss/index.html]
[nurui.fueko.net/assets/js/indexf48a.js]
[nurui.fueko.net/features/index.html]
[nurui.fueko.net/assets/js/globalf48a.js]
[nurui.fueko.net/membership/index.html]
[nurui.fueko.net/newsletter/index.html]
[nurui.fueko.net/style-guide/index.html]
[nurui.fueko.net/index.html]
[nurui.fueko.net/assets/js/itypedf48a.js]
[nurui.fueko.net/assets/css/screenf48a.css]
[nurui.fueko.net/contact/index.html]
[nurui.fueko.net/authors/index.html]
[nurui.fueko.net/page/2/index.html]
[nurui.fueko.net/tags/index.html]
[nurui.fueko.net/signin/index.html]
[nurui.fueko.net/content/images/2018/12/nurui.svg]
[nurui.fueko.net/signup/index.html]
[nurui.fueko.net/author/sean/index.html]
[nurui.fueko.net/im-passionate-about-food-the-tradition-of-it-cooking-it-sharing-it/index.html]
[nurui.fueko.net/author/patricia/index.html]
[nurui.fueko.net/author/james/index.html]
[nurui.fueko.net/author/janet/index.html]
[nurui.fueko.net/author/marcos/index.html]
[nurui.fueko.net/i-think-its-the-responsibility-of-a-designer-to-try-to-break-rules-and-barriers/index.html]
[nurui.fueko.net/features/index.html]
[nurui.fueko.net/assets/js/postf48a.js]
[nurui.fueko.net/the-creation-of-beauty-is-art/index.html]
[nurui.fueko.net/author/margaret/index.html]
[nurui.fueko.net/the-future-of-architecture-is-culture/index.html]
[nurui.fueko.net/tag/story/index.html]
[nurui.fueko.net/tag/lifestyle/index.html]
[nurui.fueko.net/tag/people/index.html]
[fueko.net/favicon.png]
[nurui.fueko.net/architecture-belongs-to-culture-not-to-civilization/index.html]
[nurui.fueko.net/look-at-life-with-the-eyes-of-a-child/index.html]
[nurui.fueko.net/tag/design/index.html]
[fueko.net/content/images/2019/08/cover.png]
[nurui.fueko.net/every-day-in-every-city-and-town-across-the-country/index.html]
[abs.twimg.com/icons/apple-touch-icon-192x192.png]
[nurui.fueko.net/tag/education/index.html]
[nurui.fueko.net/content/images/2018/12/cody-davis-253928-unsplash.jpg]
[nurui.fueko.net/education-is-the-transmission-of-civilization/index.html]
[nurui.fueko.net/content/images/2018/12/simone-hutsch-387481-unsplash.jpg]
[nurui.fueko.net/pop-culture-is-a-reflection/index.html]
[nurui.fueko.net/tag/journey/index.html]
[nurui.fueko.net/tag/culture/index.html]
[nurui.fueko.net/content/images/2018/12/simone-hutsch-392313-unsplash.jpg]
[nurui.fueko.net/tag/architecture/index.html]
[nurui.fueko.net/content/images/2018/12/simone-hutsch-393148-unsplash.jpg]
[nurui.fueko.net/tag/nature/index.html]
[nurui.fueko.net/page/3/index.html]
[nurui.fueko.net/content/images/2018/12/simone-hutsch-393150-unsplash.jpg]
[nurui.fueko.net/you-must-grow-like-a-tree/index.html]
[nurui.fueko.net/content/images/2018/12/simone-hutsch-400242-unsplash.jpg]
[nurui.fueko.net/style-guide/index.html]
[nurui.fueko.net/membership/index.html]
[nurui.fueko.net/the-true-beauty-of-music-is-that-it-connects-people/index.html]
[nurui.fueko.net/change-is-always-happening/index.html]
[nurui.fueko.net/newsletter/index.html]
[nurui.fueko.net/i-cannot-look-at-modern-buildings-without-thinking-of-historical-ones/index.html]
[nurui.fueko.net/everything-has-beauty-but-not-everyone-sees-it/index.html]
[nurui.fueko.net/the-sky-perfectly-blended-into-the-beautiful-landscape/index.html]
[nurui.fueko.net/the-journey-of-a-thousand-miles/index.html]
[nurui.fueko.net/demo-account-member/index.html]
[nurui.fueko.net/content/images/2018/12/ao-275953-unsplash.jpg]
[nurui.fueko.net/demo-account-paid-member/index.html]
[nurui.fueko.net/content/images/2018/12/nathan-anderson-111800.jpg]
[nurui.fueko.net/404/index.html]
[nurui.fueko.net/content/images/2018/12/toa-heftiba-547030-unsplash.jpg]
[nurui.fueko.net/content/images/2018/12/marat-gilyadzinov-417074.jpg]
[nurui.fueko.net/content/images/2018/12/alfonso-castro-130696-unsplash.jpg]
[nurui.fueko.net/content/images/2019/09/linkedin-sales-navigator-403994-unsplash.jpg]
[nurui.fueko.net/authors/index.html]
[nurui.fueko.net/tags/index.html]
[nurui.fueko.net/contact/index.html]
[nurui.fueko.net/signin/index.html]
[nurui.fueko.net/signup/index.html]
[nurui.fueko.net/im-passionate-about-food-the-tradition-of-it-cooking-it-sharing-it/index.html]
[nurui.fueko.net/author/sean/index.html]
[nurui.fueko.net/author/patricia/index.html]
[nurui.fueko.net/author/james/index.html]
[nurui.fueko.net/i-think-its-the-responsibility-of-a-designer-to-try-to-break-rules-and-barriers/index.html]
[nurui.fueko.net/author/janet/index.html]
[nurui.fueko.net/author/marcos/index.html]
[nurui.fueko.net/architecture-is-a-visual-art-and-the-buildings-speak-for-themselves/index.html]
[nurui.fueko.net/you-have-to-fight-to-reach-your-dream/index.html]
[nurui.fueko.net/the-creation-of-beauty-is-art/index.html]
[nurui.fueko.net/i-love-japan-and-tokyo-is-my-favorite-city/index.html]
[nurui.fueko.net/when-you-are-on-your-way-to-home/index.html]
[nurui.fueko.net/content/images/2018/12/mike-wilson-188133.jpg]
[nurui.fueko.net/author/margaret/index.html]
[nurui.fueko.net/the-future-of-architecture-is-culture/index.html]
[nurui.fueko.net/tag/story/index.html]
[nurui.fueko.net/tag/lifestyle/index.html]
[nurui.fueko.net/architecture-belongs-to-culture-not-to-civilization/index.html]
[nurui.fueko.net/tag/people/index.html]
[nurui.fueko.net/look-at-life-with-the-eyes-of-a-child/index.html]
[nurui.fueko.net/tag/design/index.html]
[nurui.fueko.net/every-day-in-every-city-and-town-across-the-country/index.html]
[nurui.fueko.net/tag/education/index.html]
[nurui.fueko.net/education-is-the-transmission-of-civilization/index.html]
[nurui.fueko.net/pop-culture-is-a-reflection/index.html]
[nurui.fueko.net/tag/culture/index.html]
[nurui.fueko.net/tag/journey/index.html]
[nurui.fueko.net/tag/architecture/index.html]
[nurui.fueko.net/tag/nature/index.html]
[nurui.fueko.net/page/3/index.html]
[nurui.fueko.net/you-must-grow-like-a-tree/index.html]
[nurui.fueko.net/the-true-beauty-of-music-is-that-it-connects-people/index.html]
[nurui.fueko.net/i-cannot-look-at-modern-buildings-without-thinking-of-historical-ones/index.html]
[nurui.fueko.net/change-is-always-happening/index.html]
[nurui.fueko.net/everything-has-beauty-but-not-everyone-sees-it/index.html]
[nurui.fueko.net/the-sky-perfectly-blended-into-the-beautiful-landscape/index.html]
[nurui.fueko.net/the-journey-of-a-thousand-miles/index.html]
[nurui.fueko.net/demo-account-member/index.html]
[nurui.fueko.net/demo-account-paid-member/index.html]
[nurui.fueko.net/404/index.html]
[nurui.fueko.net/architecture-is-a-visual-art-and-the-buildings-speak-for-themselves/index.html]
[nurui.fueko.net/i-love-japan-and-tokyo-is-my-favorite-city/index.html]
[nurui.fueko.net/you-have-to-fight-to-reach-your-dream/index.html]
[nurui.fueko.net/when-you-are-on-your-way-to-home/index.html]
[nurui.fueko.net/a-mind-cannot-be-independent-of-culture/index.html]
[nurui.fueko.net/a-mind-cannot-be-independent-of-culture/index.html]
[nurui.fueko.net/tag/story/page/2/index.html]
[nurui.fueko.net/tag/story/page/2/index.html]
